<---------GIT IGNORE--------->
$ touch error.log - for creating file ,touch command is used
$ git status - Untracked showing
**$ touch .gitignore - Create .gitignore file
$ git status - untracked
**Inside gitignore file  write text "error.log" 
$ git status - error.log gets IGNORE
**$ git add --a /git add . - for staging
$ git commit -m "Adding gitignore" - for commit
IF A CHANGE IS MADE IN ERROR.LOG then
git status - No commit becoz it is ignore
IF THERE ARE 4-5 COPIES OF LOG FILE then
$ git status - will show .log file untracked
**SO WRITE "*.log" INSIDE GITIGNORE FILE FOR AVOIDING ALL LOG FILES
$ git status - modified .gitignore
NOT ONLY FILES ALSO FOLDERS GET IGNORE
SUPPOSE "dir" folder created ,inside copy logfiles and db file
$ git status - dir/ untracked
WRITE "dir/" INSIDE GITIGNORE FILE
$ git status - gitignore modified
IF A "static" FOLDER CREATED AND INSIDE IT "dir" FOLDER CREATED AND INSIDE THAT "text file"CREATED THEN
$ git status -  git ignore modified
** GIT BYDEFAULT IGNORES A BLANK FOLDER
SUPPOSE INSIDE STATIC  A "text file" CREATED THEN
$ git status - static untracked 
$ git add --a - staging
$ git commit -m "Added static" - commit
$ git status - clean
**TO AVOID OUTSIDE "dir" FOLDER THEN WRITE "/dir/"
**$ git status - static/dir/ untracked, becoz inside dir is not ignore
WE CAN ALSO GIVE FILE PATH
FOR INSIDE DIR FOLDER IGNORE "static/dir"
$ git status - modified gitignore
DOUBT IS IF WE MAKE CHANGES IN TXT FILE OF STATIC FOLDER THAN IT IS NOT GETTING IGNORE SO WE SHOULD UNTRACKED IT FIRST SO IT GETS DELETED FROM GIT BUT NOT FROM FOLDER SO NOW WE CAN CHANGE TXT AND NOTHING WILL BE SHOWN IN GIT STATUS
MY DOUBT OF GITIGNORE IS SOLVE IN RENAMING MOVING AND UNTRACKING DOWN BELOW 
