<--GIT CLONE-->
$ git status - 
rm -rf .git - To delete git repository and every data inside it
$ git clone https://github.com/AkhilGangan/RESPONSIVE_WEBSITE_USING-HTML5-AND-CSS3.git - for making clone of a repository
$ git clone https://github.com/AkhilGangan/RESPONSIVE_WEBSITE_USING-HTML5-AND-CSS3.git "Akhil" - to give your name instead of orginal name write your name in last
$ git status - fatal: not a git repository (or any of the parent directories): .git
$ pwd - /c/Git and Github/For practice
$ ls - List items in folder
RESPONSIVE_WEBSITE_USING-HTML5-AND-CSS3/  db.accdb  first.txt  myexcel.xlsx
$ cd RESPONSIVE_WEBSITE_USING-HTML5-AND-CSS3/ - to get inside folder
$ pwd
/c/Git and Github/For practice/RESPONSIVE_WEBSITE_USING-HTML5-AND-CSS3
$ ls
README.md  bg1.jpg      img/        logo.png   style.css
bg.jpg     contact.jpg  index.html  phone.css
$ git status - if a change is made in readme than it shows here
On branch main
Your branch is up to date with 'origin/main'.
Changes not staged for commit:
  (use "git add <file>..." to update what will be committed)
  (use "git restore <file>..." to discard changes in working directory)
        modified:   README.md
no changes added to commit (use "git add" and/or "git commit -a")
$ git add --a - add all in stage area
$ git status
On branch main
Your branch is up to date with 'origin/main'.
Changes to be committed:
  (use "git restore --staged <file>..." to unstage)
        modified:   README.md
$ git commit -m "Changed readme" - Commit
[main db13553] Changed readme
 1 file changed, 1 insertion(+), 1 deletion(-)
$ git status -  WILL show that my file branch is ahead by 1 commit from origin/main file
On branch main
Your branch is ahead of 'origin/main' by 1 commit.
  (use "git push" to publish your local commits)
nothing to commit, working tree clean
$ git log
q - for quiting out of log
fi + tab to autocomplete = first.txt
