<-------GIT CLONE------>
$ git status - 
**$ rm -rf .git - To delete git repository and every data inside it
**$ git clone https://github.com/AkhilGangan/RESPONSIVE_WEBSITE_USING-HTML5-AND-CSS3.git - for making clone of a repository
**$ git clone https://github.com/AkhilGangan/RESPONSIVE_WEBSITE_USING-HTML5-AND-CSS3.git MYWEBSITE - to give folder name write it in last
$ git status - fatal: not a git repository (or any of the parent directories): .git
$ pwd - /c/Git and Github/For practice
$ ls - List items in folder
RESPONSIVE_WEBSITE_USING-HTML5-AND-CSS3/  db.accdb  first.txt  myexcel.xlsx
$ cd RESPONSIVE_WEBSITE_USING-HTML5-AND-CSS3/ - to get inside folder
$ pwd-/c/Git and Github/For practice/RESPONSIVE_WEBSITE_USING-HTML5-AND-CSS3
$ ls- README.md  bg1.jpg      img/        logo.png   style.css
bg.jpg     contact.jpg  index.html  phone.css
$ git status - if a change is made in readme than it shows here
$ git add --a - add all in stage area
$ git status -staging done now commit
$ git commit -m "Changed readme" - Commit
$ git status -  WILL show that my file branch is ahead by 1 commit from origin/main file
On branch main
Your branch is ahead of 'origin/main' by 1 commit.
$ git log - checks commits
**q - for quiting out of log
**fi + tab to autocomplete = first.txt if there is only single file of first
