<---------SETTING ALIAS IN GIT--------->
*ALIAS GENERALLY MEANS INSTEAD OF WRITING BIG CODE WRITE A SMALL CODE 
$ git status - clean
$ git st - not in git command
**$ git config --global alias.st status - I tell git whenever i write st show me status of git 
**$ git st - clean
**$ git config --global alias.ci commit- SHORTCUT for commit
**$ git ci - nothing to commit 
$ git commit - nothing to commit 
IF SUPPOSE I MADE A CHANGE IN FILE OF THIS.TXT 
$ git st - modified
$ git add . - staging
$ git st - staged
TO UNSTAGE WE USE 
$ git restore --staged - unstaged 
**$ git config --glbal alias.unstage 'restore --staged --'- -- for file name give '' 
**$ git unstage this.txt - for unstage 
$ git st - unstaged file    
**$ git config --global alias.last 'log -p -1' - SHORTCUT for last commit
**$ git last - last commit shows here 
*WE USED ALIAS WHEN WE ARE USING A COMMAND REGULAR IN GIT
